// Jest Snapshot v1, https://goo.gl/fbAQLP

exports[`InvoiceDetail Component matches snapshot 1`] = `
<div>
  <div
    class="flex justify-between border-b-2 border-gray-400 py-3"
  >
    <p>
      Subtotal
    </p>
    <p>
      $
      150
    </p>
  </div>
  <div
    class="flex justify-between border-b-2 border-gray-400 py-3"
  >
    <p>
      Shipping
    </p>
    <p>
      Free
    </p>
  </div>
  <div
    class="flex justify-between py-3"
  >
    <p>
      Total
    </p>
    <p
      class="font-semibold"
    >
      $
      150
    </p>
  </div>
</div>
`;
